2026-02-07 11:42:24 - === LUCIFER-OS OpenClaw Integrated Startup ===
2026-02-07 11:42:24 - Starting integrated system...
[0;34mℹ Starting LUCIFER-OS backend...[0m
[1;33m⚠ Backend port 5000 is already in use[0m
[1;33m⚠ Backend appears to already be running[0m
[0;34mℹ Starting OpenClaw gateway...[0m
[0;34mℹ Generating OpenClaw gateway token...[0m
[0;32m✓ Gateway token generated and configured[0m
[0;34mℹ Waiting for OpenClaw gateway to be ready...[0m
[0;32m✓ OpenClaw gateway is ready[0m
[0;32m✓ Gateway started successfully (PID: 165680)[0m
[0;34mℹ Verifying LUCIFER-OS OpenClaw integration...[0m
[0;32m✓ Backend skills endpoint responding[0m
[0;32m✓ Gateway status endpoint responding[0m
[0;34mℹ Testing LILITH skill execution...[0m
[0;32m✓ LILITH skill test successful[0m
[0;32m✓ Integration verification completed[0m
[0;34mℹ === LUCIFER-OS OpenClaw Integration Status ===[0m
[0;32m✓ ✓ LUCIFER-OS Backend: RUNNING (Port 5000)[0m
[0;32m✓ ✓ OpenClaw Gateway: RUNNING (Port 3000)[0m
[0;34mℹ Available Skills: 31[0m
[0;34mℹ === Access URLs ===[0m
[0;32m✓ LUCIFER-OS OpenClaw integration startup complete![0m
2026-02-07 11:42:41 - System is ready for red team operations
[0;34mℹ Press Ctrl+C to stop all services[0m
2026-02-07 11:56:45 - === LUCIFER-OS OpenClaw Integrated Startup ===
2026-02-07 11:56:45 - Starting integrated system...
[0;34mℹ Starting LUCIFER-OS backend...[0m
[0;34mℹ Waiting for LUCIFER-OS backend to be ready...[0m
[0;32m✓ LUCIFER-OS backend is ready[0m
[0;32m✓ Backend started successfully (PID: 173191)[0m
[0;34mℹ Starting OpenClaw gateway...[0m
[0;34mℹ Generating OpenClaw gateway token...[0m
[0;32m✓ Gateway token generated and configured[0m
[0;34mℹ Waiting for OpenClaw gateway to be ready...[0m
[0;32m✓ OpenClaw gateway is ready[0m
[0;32m✓ Gateway started successfully (PID: 173324)[0m
[0;34mℹ Starting Telegram Lilith bot...[0m
[0;32m✓ Telegram bot started (PID: 173493)[0m
[0;34mℹ Starting UI components...[0m
[0;32m✓ PyQt UI started (PID: 173535)[0m
[0;34mℹ Verifying LUCIFER-OS OpenClaw integration...[0m
[0;32m✓ Backend skills endpoint responding[0m
[0;32m✓ Gateway status endpoint responding[0m
[0;34mℹ Testing LILITH skill execution...[0m
[0;32m✓ LILITH skill test successful[0m
[0;32m✓ Integration verification completed[0m
[0;34mℹ === LUCIFER-OS OpenClaw Integration Status ===[0m
[0;32m✓ ✓ LUCIFER-OS Backend: RUNNING (Port 5000)[0m
[0;32m✓ ✓ OpenClaw Gateway: RUNNING (Port 3000)[0m
[0;34mℹ Available Skills: 31[0m
[0;34mℹ === Access URLs ===[0m
[0;32m✓ LUCIFER-OS OpenClaw integration startup complete![0m
2026-02-07 11:57:11 - System is ready for red team operations
[0;34mℹ Press Ctrl+C to stop all services[0m
2026-02-07 12:02:26 - === LUCIFER-OS OpenClaw Integrated Startup ===
2026-02-07 12:02:26 - Starting integrated system...
[0;34mℹ Starting LUCIFER-OS backend...[0m
[1;33m⚠ Backend port 5000 is already in use[0m
[1;33m⚠ Backend appears to already be running[0m
[0;34mℹ Starting OpenClaw gateway...[0m
2026-02-07 13:05:00 - === LUCIFER-OS OpenClaw Integrated Startup ===
2026-02-07 13:05:00 - Starting integrated system...
[0;34mℹ Starting LUCIFER-OS backend...[0m
[1;33m⚠ Backend port 5000 is already in use[0m
[1;33m⚠ Backend appears to already be running[0m
[0;34mℹ Starting OpenClaw gateway...[0m
[0;31m✗ Failed to start OpenClaw gateway[0m
2026-02-07 13:06:33 - === LUCIFER-OS OpenClaw Integrated Startup ===
2026-02-07 13:06:33 - Starting integrated system...
[0;34mℹ Starting LUCIFER-OS backend...[0m
[1;33m⚠ Backend port 5000 is already in use[0m
[1;33m⚠ Backend appears to already be running[0m
[0;34mℹ Starting OpenClaw gateway...[0m
[0;32m✓ Generated OpenClaw gateway token[0m
[0;34mℹ Waiting for OpenClaw gateway to be ready...[0m
[0;31m✗ OpenClaw gateway failed to start within 60 seconds[0m
[0;31m✗ Gateway failed to start[0m
[0;31m✗ Failed to start OpenClaw gateway[0m
2026-02-07 13:10:02 - === LUCIFER-OS OpenClaw Integrated Startup ===
2026-02-07 13:10:02 - Starting integrated system...
[0;34mℹ Starting LUCIFER-OS backend...[0m
[1;33m⚠ Backend port 5000 is already in use[0m
[1;33m⚠ Backend appears to already be running[0m
[0;34mℹ Starting OpenClaw gateway...[0m
[0;32m✓ Generated OpenClaw gateway token[0m
[0;34mℹ Waiting for OpenClaw gateway to be ready...[0m
[0;32m✓ OpenClaw gateway is ready[0m
[0;32m✓ Gateway started successfully (PID: 225264)[0m
[0;34mℹ Starting Telegram Lilith bot...[0m
[0;32m✓ Telegram bot started (PID: 225485)[0m
[0;34mℹ Starting UI components...[0m
[0;34mℹ No DISPLAY; skipping PyQt dashboard (headless environment)[0m
[0;32m✓ OpenClaw UI dev server started (PID: 225495)[0m
[0;34mℹ Verifying LUCIFER-OS OpenClaw integration...[0m
[0;32m✓ Backend skills endpoint responding[0m
[0;32m✓ Gateway status endpoint responding[0m
[0;34mℹ Testing LILITH skill execution...[0m
[0;32m✓ LILITH skill test successful[0m
[0;32m✓ Integration verification completed[0m
[0;34mℹ === LUCIFER-OS OpenClaw Integration Status ===[0m
[0;32m✓ ✓ LUCIFER-OS Backend: RUNNING (Port 5000)[0m
[0;32m✓ ✓ OpenClaw Gateway: RUNNING (Port 3000)[0m
[0;34mℹ Available Skills: 31[0m
[0;34mℹ === Access URLs ===[0m
[0;32m✓ LUCIFER-OS OpenClaw integration startup complete![0m
2026-02-07 13:10:24 - System is ready for red team operations
[0;34mℹ Press Ctrl+C to stop all services[0m
2026-02-07 13:32:39 - === LUCIFER-OS OpenClaw Integrated Startup ===
2026-02-07 13:32:39 - Starting integrated system...
[0;34mℹ Starting LUCIFER-OS backend...[0m
[1;33m⚠ Backend port 5000 is already in use[0m
[1;33m⚠ Backend appears to already be running[0m
[0;34mℹ Starting OpenClaw gateway...[0m
[0;32m✓ Generated OpenClaw gateway token[0m
[0;34mℹ Waiting for OpenClaw gateway to be ready...[0m
[0;32m✓ OpenClaw gateway is ready[0m
[0;32m✓ Gateway started successfully (PID: 251439)[0m
[0;34mℹ Starting Telegram Lilith bot...[0m
[0;32m✓ Telegram bot started (PID: 251706)[0m
[0;34mℹ Starting UI components...[0m
[0;34mℹ No DISPLAY; skipping PyQt dashboard (headless environment)[0m
[0;32m✓ OpenClaw UI dev server started (PID: 252139)[0m
[0;34mℹ Verifying LUCIFER-OS OpenClaw integration...[0m
[0;32m✓ Backend skills endpoint responding[0m
[0;32m✓ Gateway status endpoint responding[0m
[0;34mℹ Testing LILITH skill execution...[0m
[0;32m✓ LILITH skill test successful[0m
[0;32m✓ Integration verification completed[0m
[0;34mℹ === LUCIFER-OS OpenClaw Integration Status ===[0m
[0;32m✓ ✓ LUCIFER-OS Backend: RUNNING (Port 5000)[0m
[0;32m✓ ✓ OpenClaw Gateway: RUNNING (Port 3000)[0m
[0;34mℹ Available Skills: 31[0m
[0;34mℹ === Access URLs ===[0m
[0;32m✓ LUCIFER-OS OpenClaw integration startup complete![0m
2026-02-07 13:33:02 - System is ready for red team operations
[0;34mℹ Press Ctrl+C to stop all services[0m
